28/12/2023 16:53:30 - INFO - activitysim - Read logging configuration from: configs\logging.yaml
28/12/2023 16:53:30 - DEBUG - activitysim.core.random - Set random seed base to 0
28/12/2023 16:53:30 - DEBUG - activitysim.core.pipeline - open_pipeline - open existing pipeline
28/12/2023 16:53:30 - DEBUG - activitysim.core.pipeline - opened pipeline_store output\pipeline.h5
28/12/2023 16:53:30 - INFO - activitysim.core.pipeline - load_checkpoint mp_seed_balancing
28/12/2023 16:53:31 - INFO - activitysim.core.pipeline - load_checkpoint mp_seed_balancing timestamp 2023-12-28 16:53:28.856785
28/12/2023 16:53:31 - INFO - activitysim.core.pipeline - load_checkpoint table households (52105, 12)
28/12/2023 16:53:31 - DEBUG - activitysim.core.pipeline - rewrap table households inplace=False
28/12/2023 16:53:31 - INFO - activitysim.core.pipeline - load_checkpoint table persons (135995, 21)
28/12/2023 16:53:31 - DEBUG - activitysim.core.pipeline - rewrap table persons inplace=False
28/12/2023 16:53:31 - INFO - activitysim.core.pipeline - load_checkpoint table geo_cross_walk (24321, 3)
28/12/2023 16:53:31 - DEBUG - activitysim.core.pipeline - rewrap table geo_cross_walk inplace=False
28/12/2023 16:53:31 - INFO - activitysim.core.pipeline - load_checkpoint table mgra_control_data (24321, 43)
28/12/2023 16:53:31 - DEBUG - activitysim.core.pipeline - rewrap table mgra_control_data inplace=False
28/12/2023 16:53:31 - INFO - activitysim.core.pipeline - load_checkpoint table region_control_data (1, 19)
28/12/2023 16:53:31 - DEBUG - activitysim.core.pipeline - rewrap table region_control_data inplace=False
28/12/2023 16:53:31 - INFO - activitysim.core.pipeline - load_checkpoint table crosswalk (24321, 3)
28/12/2023 16:53:31 - DEBUG - activitysim.core.pipeline - rewrap table crosswalk inplace=False
28/12/2023 16:53:31 - INFO - activitysim.core.pipeline - load_checkpoint table slice_crosswalk (22, 2)
28/12/2023 16:53:31 - DEBUG - activitysim.core.pipeline - rewrap table slice_crosswalk inplace=False
28/12/2023 16:53:31 - INFO - activitysim.core.pipeline - load_checkpoint table control_spec (56, 6)
28/12/2023 16:53:31 - DEBUG - activitysim.core.pipeline - rewrap table control_spec inplace=False
28/12/2023 16:53:31 - INFO - activitysim.core.pipeline - load_checkpoint table region_controls (1, 56)
28/12/2023 16:53:31 - DEBUG - activitysim.core.pipeline - rewrap table region_controls inplace=False
28/12/2023 16:53:31 - INFO - activitysim.core.pipeline - load_checkpoint table PUMA_controls (22, 56)
28/12/2023 16:53:31 - DEBUG - activitysim.core.pipeline - rewrap table PUMA_controls inplace=False
28/12/2023 16:53:31 - INFO - activitysim.core.pipeline - load_checkpoint table mgra_controls (17932, 38)
28/12/2023 16:53:31 - DEBUG - activitysim.core.pipeline - rewrap table mgra_controls inplace=False
28/12/2023 16:53:31 - INFO - activitysim.core.pipeline - load_checkpoint table household_groups (52105, 3)
28/12/2023 16:53:31 - DEBUG - activitysim.core.pipeline - rewrap table household_groups inplace=False
28/12/2023 16:53:31 - INFO - activitysim.core.pipeline - load_checkpoint table incidence_table (45971, 61)
28/12/2023 16:53:31 - DEBUG - activitysim.core.pipeline - rewrap table incidence_table inplace=False
28/12/2023 16:53:31 - INFO - activitysim.core.pipeline - load_checkpoint table PUMA_weights (45971, 6)
28/12/2023 16:53:31 - DEBUG - activitysim.core.pipeline - rewrap table PUMA_weights inplace=False
28/12/2023 16:53:31 - DEBUG - activitysim.core.pipeline - open_pipeline complete
28/12/2023 16:53:31 - DEBUG - activitysim.core.mp_tasks - loaded table households (52105, 12)
28/12/2023 16:53:31 - DEBUG - activitysim.core.mp_tasks - loaded table persons (135995, 21)
28/12/2023 16:53:31 - DEBUG - activitysim.core.mp_tasks - loaded table geo_cross_walk (24321, 3)
28/12/2023 16:53:31 - DEBUG - activitysim.core.mp_tasks - loaded table mgra_control_data (24321, 43)
28/12/2023 16:53:31 - DEBUG - activitysim.core.mp_tasks - loaded table region_control_data (1, 19)
28/12/2023 16:53:31 - DEBUG - activitysim.core.mp_tasks - loaded table crosswalk (24321, 3)
28/12/2023 16:53:31 - DEBUG - activitysim.core.mp_tasks - loaded table slice_crosswalk (22, 2)
28/12/2023 16:53:31 - DEBUG - activitysim.core.mp_tasks - loaded table control_spec (56, 6)
28/12/2023 16:53:31 - DEBUG - activitysim.core.mp_tasks - loaded table region_controls (1, 56)
28/12/2023 16:53:31 - DEBUG - activitysim.core.mp_tasks - loaded table PUMA_controls (22, 56)
28/12/2023 16:53:31 - DEBUG - activitysim.core.mp_tasks - loaded table mgra_controls (17932, 38)
28/12/2023 16:53:31 - DEBUG - activitysim.core.mp_tasks - loaded table household_groups (52105, 3)
28/12/2023 16:53:31 - DEBUG - activitysim.core.mp_tasks - loaded table incidence_table (45971, 61)
28/12/2023 16:53:31 - DEBUG - activitysim.core.mp_tasks - loaded table PUMA_weights (45971, 6)
28/12/2023 16:53:31 - DEBUG - activitysim.core.pipeline - close_pipeline
28/12/2023 16:53:31 - DEBUG - activitysim.core.mp_tasks - slice.except wildcard (True): excluding all tables not explicitly listed in slice.tables
28/12/2023 16:53:31 - DEBUG - activitysim.core.mp_tasks - ### table_name: slice_crosswalk slice_rules: {'slice_by': 'primary'}
28/12/2023 16:53:31 - DEBUG - activitysim.core.mp_tasks - ### table_name: crosswalk slice_rules: {'slice_by': 'column', 'column': 'PUMA', 'source': 'slice_crosswalk'}
28/12/2023 16:53:31 - DEBUG - activitysim.core.mp_tasks - ### slicer_ref_cols: OrderedDict([('slice_crosswalk', 'PUMA'), ('crosswalk', None)])
28/12/2023 16:53:32 - DEBUG - activitysim.core.mp_tasks - writing checkpoints ((1, 16)) to checkpoints in output\mp_sub_balancing_mgra_0-pipeline.h5
28/12/2023 16:53:32 - DEBUG - activitysim.core.mp_tasks - writing checkpoints ((1, 16)) to checkpoints in output\mp_sub_balancing_mgra_1-pipeline.h5
28/12/2023 16:53:32 - DEBUG - activitysim.core.mp_tasks - writing checkpoints ((1, 16)) to checkpoints in output\mp_sub_balancing_mgra_2-pipeline.h5
28/12/2023 16:53:32 - DEBUG - activitysim.core.mp_tasks - writing checkpoints ((1, 16)) to checkpoints in output\mp_sub_balancing_mgra_3-pipeline.h5
28/12/2023 16:53:33 - DEBUG - activitysim.core.mp_tasks - writing checkpoints ((1, 16)) to checkpoints in output\mp_sub_balancing_mgra_4-pipeline.h5
28/12/2023 16:53:33 - DEBUG - activitysim.core.mp_tasks - writing checkpoints ((1, 16)) to checkpoints in output\mp_sub_balancing_mgra_5-pipeline.h5
28/12/2023 16:53:33 - DEBUG - activitysim.core.mp_tasks - writing checkpoints ((1, 16)) to checkpoints in output\mp_sub_balancing_mgra_6-pipeline.h5
28/12/2023 16:53:33 - DEBUG - activitysim.core.mp_tasks - writing checkpoints ((1, 16)) to checkpoints in output\mp_sub_balancing_mgra_7-pipeline.h5
