28/12/2023 16:53:44 - INFO - activitysim - Read logging configuration from: configs\logging.yaml
28/12/2023 16:53:44 - DEBUG - activitysim.core.mp_tasks - mp_run_simulation mp_sub_balancing_mgra locutor=False 
28/12/2023 16:53:44 - DEBUG - activitysim.core.mp_tasks - injecting pipeline_file_prefix 'mp_sub_balancing_mgra_7'
28/12/2023 16:53:44 - INFO - activitysim.core.mp_tasks - resume_after _
28/12/2023 16:53:44 - DEBUG - activitysim.core.random - Set random seed base to 0
28/12/2023 16:53:44 - DEBUG - activitysim.core.pipeline - open_pipeline - open existing pipeline
28/12/2023 16:53:44 - DEBUG - activitysim.core.pipeline - opened pipeline_store output\mp_sub_balancing_mgra_7-pipeline.h5
28/12/2023 16:53:44 - INFO - activitysim.core.pipeline - load_checkpoint _
28/12/2023 16:53:44 - INFO - activitysim.core.pipeline - loading checkpoint 'mp_seed_balancing'
28/12/2023 16:53:44 - INFO - activitysim.core.pipeline - load_checkpoint mp_seed_balancing timestamp 2023-12-28 16:53:28.856785
28/12/2023 16:53:44 - INFO - activitysim.core.pipeline - load_checkpoint table households (52105, 12)
28/12/2023 16:53:44 - DEBUG - activitysim.core.pipeline - rewrap table households inplace=False
28/12/2023 16:53:46 - INFO - activitysim.core.pipeline - load_checkpoint table persons (135995, 21)
28/12/2023 16:53:46 - DEBUG - activitysim.core.pipeline - rewrap table persons inplace=False
28/12/2023 16:53:46 - INFO - activitysim.core.pipeline - load_checkpoint table geo_cross_walk (24321, 3)
28/12/2023 16:53:46 - DEBUG - activitysim.core.pipeline - rewrap table geo_cross_walk inplace=False
28/12/2023 16:53:46 - INFO - activitysim.core.pipeline - load_checkpoint table mgra_control_data (24321, 43)
28/12/2023 16:53:46 - DEBUG - activitysim.core.pipeline - rewrap table mgra_control_data inplace=False
28/12/2023 16:53:46 - INFO - activitysim.core.pipeline - load_checkpoint table region_control_data (1, 19)
28/12/2023 16:53:46 - DEBUG - activitysim.core.pipeline - rewrap table region_control_data inplace=False
28/12/2023 16:53:46 - INFO - activitysim.core.pipeline - load_checkpoint table crosswalk (2495, 3)
28/12/2023 16:53:46 - DEBUG - activitysim.core.pipeline - rewrap table crosswalk inplace=False
28/12/2023 16:53:46 - INFO - activitysim.core.pipeline - load_checkpoint table slice_crosswalk (2, 2)
28/12/2023 16:53:46 - DEBUG - activitysim.core.pipeline - rewrap table slice_crosswalk inplace=False
28/12/2023 16:53:46 - INFO - activitysim.core.pipeline - load_checkpoint table control_spec (56, 6)
28/12/2023 16:53:46 - DEBUG - activitysim.core.pipeline - rewrap table control_spec inplace=False
28/12/2023 16:53:46 - INFO - activitysim.core.pipeline - load_checkpoint table region_controls (1, 56)
28/12/2023 16:53:46 - DEBUG - activitysim.core.pipeline - rewrap table region_controls inplace=False
28/12/2023 16:53:46 - INFO - activitysim.core.pipeline - load_checkpoint table PUMA_controls (22, 56)
28/12/2023 16:53:46 - DEBUG - activitysim.core.pipeline - rewrap table PUMA_controls inplace=False
28/12/2023 16:53:46 - INFO - activitysim.core.pipeline - load_checkpoint table mgra_controls (17932, 38)
28/12/2023 16:53:46 - DEBUG - activitysim.core.pipeline - rewrap table mgra_controls inplace=False
28/12/2023 16:53:46 - INFO - activitysim.core.pipeline - load_checkpoint table household_groups (52105, 3)
28/12/2023 16:53:46 - DEBUG - activitysim.core.pipeline - rewrap table household_groups inplace=False
28/12/2023 16:53:46 - INFO - activitysim.core.pipeline - load_checkpoint table incidence_table (45971, 61)
28/12/2023 16:53:46 - DEBUG - activitysim.core.pipeline - rewrap table incidence_table inplace=False
28/12/2023 16:53:46 - INFO - activitysim.core.pipeline - load_checkpoint table PUMA_weights (45971, 6)
28/12/2023 16:53:46 - DEBUG - activitysim.core.pipeline - rewrap table PUMA_weights inplace=False
28/12/2023 16:53:46 - DEBUG - activitysim.core.pipeline - open_pipeline complete
28/12/2023 16:53:46 - INFO - activitysim.core.pipeline - #run_model running step sub_balancing
28/12/2023 16:53:46 - INFO - populationsim.steps.sub_balancing - balancing 1/1 seed 7316, PUMA 7316
28/12/2023 16:53:56 - DEBUG - populationsim.simul_balancer - 2059 positive weight rows out of 2723
28/12/2023 16:54:33 - DEBUG - populationsim.simul_balancer - np_simul_balancer sample_count 2059 control_count 38 zone_count 1250
28/12/2023 16:54:43 - DEBUG - populationsim.simul_balancer - np_simul_balancer iteration 0 delta 35.86015421706528 max_gamma_dif 1216.4773950077208
28/12/2023 17:11:24 - DEBUG - populationsim.simul_balancer - np_simul_balancer iteration 100 delta 0.06603051627911431 max_gamma_dif 390.42348417599845
