28/12/2023 16:53:40 - INFO - activitysim - Read logging configuration from: configs\logging.yaml
28/12/2023 16:53:40 - DEBUG - activitysim.core.mp_tasks - mp_run_simulation mp_sub_balancing_mgra locutor=False 
28/12/2023 16:53:40 - DEBUG - activitysim.core.mp_tasks - injecting pipeline_file_prefix 'mp_sub_balancing_mgra_3'
28/12/2023 16:53:40 - INFO - activitysim.core.mp_tasks - resume_after _
28/12/2023 16:53:40 - DEBUG - activitysim.core.random - Set random seed base to 0
28/12/2023 16:53:40 - DEBUG - activitysim.core.pipeline - open_pipeline - open existing pipeline
28/12/2023 16:53:40 - DEBUG - activitysim.core.pipeline - opened pipeline_store output\mp_sub_balancing_mgra_3-pipeline.h5
28/12/2023 16:53:40 - INFO - activitysim.core.pipeline - load_checkpoint _
28/12/2023 16:53:40 - INFO - activitysim.core.pipeline - loading checkpoint 'mp_seed_balancing'
28/12/2023 16:53:40 - INFO - activitysim.core.pipeline - load_checkpoint mp_seed_balancing timestamp 2023-12-28 16:53:28.856785
28/12/2023 16:53:40 - INFO - activitysim.core.pipeline - load_checkpoint table households (52105, 12)
28/12/2023 16:53:40 - DEBUG - activitysim.core.pipeline - rewrap table households inplace=False
28/12/2023 16:53:41 - INFO - activitysim.core.pipeline - load_checkpoint table persons (135995, 21)
28/12/2023 16:53:41 - DEBUG - activitysim.core.pipeline - rewrap table persons inplace=False
28/12/2023 16:53:41 - INFO - activitysim.core.pipeline - load_checkpoint table geo_cross_walk (24321, 3)
28/12/2023 16:53:41 - DEBUG - activitysim.core.pipeline - rewrap table geo_cross_walk inplace=False
28/12/2023 16:53:41 - INFO - activitysim.core.pipeline - load_checkpoint table mgra_control_data (24321, 43)
28/12/2023 16:53:41 - DEBUG - activitysim.core.pipeline - rewrap table mgra_control_data inplace=False
28/12/2023 16:53:41 - INFO - activitysim.core.pipeline - load_checkpoint table region_control_data (1, 19)
28/12/2023 16:53:41 - DEBUG - activitysim.core.pipeline - rewrap table region_control_data inplace=False
28/12/2023 16:53:41 - INFO - activitysim.core.pipeline - load_checkpoint table crosswalk (1983, 3)
28/12/2023 16:53:41 - DEBUG - activitysim.core.pipeline - rewrap table crosswalk inplace=False
28/12/2023 16:53:41 - INFO - activitysim.core.pipeline - load_checkpoint table slice_crosswalk (3, 2)
28/12/2023 16:53:41 - DEBUG - activitysim.core.pipeline - rewrap table slice_crosswalk inplace=False
28/12/2023 16:53:41 - INFO - activitysim.core.pipeline - load_checkpoint table control_spec (56, 6)
28/12/2023 16:53:41 - DEBUG - activitysim.core.pipeline - rewrap table control_spec inplace=False
28/12/2023 16:53:41 - INFO - activitysim.core.pipeline - load_checkpoint table region_controls (1, 56)
28/12/2023 16:53:41 - DEBUG - activitysim.core.pipeline - rewrap table region_controls inplace=False
28/12/2023 16:53:41 - INFO - activitysim.core.pipeline - load_checkpoint table PUMA_controls (22, 56)
28/12/2023 16:53:41 - DEBUG - activitysim.core.pipeline - rewrap table PUMA_controls inplace=False
28/12/2023 16:53:41 - INFO - activitysim.core.pipeline - load_checkpoint table mgra_controls (17932, 38)
28/12/2023 16:53:41 - DEBUG - activitysim.core.pipeline - rewrap table mgra_controls inplace=False
28/12/2023 16:53:41 - INFO - activitysim.core.pipeline - load_checkpoint table household_groups (52105, 3)
28/12/2023 16:53:41 - DEBUG - activitysim.core.pipeline - rewrap table household_groups inplace=False
28/12/2023 16:53:41 - INFO - activitysim.core.pipeline - load_checkpoint table incidence_table (45971, 61)
28/12/2023 16:53:41 - DEBUG - activitysim.core.pipeline - rewrap table incidence_table inplace=False
28/12/2023 16:53:41 - INFO - activitysim.core.pipeline - load_checkpoint table PUMA_weights (45971, 6)
28/12/2023 16:53:41 - DEBUG - activitysim.core.pipeline - rewrap table PUMA_weights inplace=False
28/12/2023 16:53:41 - DEBUG - activitysim.core.pipeline - open_pipeline complete
28/12/2023 16:53:41 - INFO - activitysim.core.pipeline - #run_model running step sub_balancing
28/12/2023 16:53:41 - INFO - populationsim.steps.sub_balancing - balancing 1/1 seed 7320, PUMA 7320
28/12/2023 16:53:42 - DEBUG - populationsim.simul_balancer - 1527 positive weight rows out of 1528
28/12/2023 16:53:44 - DEBUG - populationsim.simul_balancer - np_simul_balancer sample_count 1527 control_count 38 zone_count 431
28/12/2023 16:53:46 - DEBUG - populationsim.simul_balancer - np_simul_balancer iteration 0 delta 22.75772658011625 max_gamma_dif 31.5404704024024
28/12/2023 16:58:34 - DEBUG - populationsim.simul_balancer - np_simul_balancer iteration 100 delta 0.024384404892665388 max_gamma_dif 4.366660871464591
28/12/2023 17:04:02 - DEBUG - populationsim.simul_balancer - np_simul_balancer iteration 200 delta 0.00730839489507905 max_gamma_dif 4.356226307965194
28/12/2023 17:08:59 - DEBUG - populationsim.simul_balancer - np_simul_balancer iteration 300 delta 0.0033545873363198296 max_gamma_dif 4.332567416808982
28/12/2023 17:13:17 - DEBUG - populationsim.simul_balancer - np_simul_balancer iteration 400 delta 0.0019983774381452752 max_gamma_dif 4.282977181290437
28/12/2023 17:17:23 - DEBUG - populationsim.simul_balancer - np_simul_balancer iteration 500 delta 0.0013599326695297605 max_gamma_dif 4.184632525719406
28/12/2023 17:22:48 - DEBUG - populationsim.simul_balancer - np_simul_balancer iteration 600 delta 0.0010084317707962297 max_gamma_dif 3.994319663786446
28/12/2023 17:27:46 - DEBUG - populationsim.simul_balancer - np_simul_balancer iteration 700 delta 0.0008493241906357792 max_gamma_dif 3.6395762231622344
28/12/2023 17:32:55 - DEBUG - populationsim.simul_balancer - np_simul_balancer iteration 800 delta 0.0008155240831472133 max_gamma_dif 3.0265235337756504
